
Running 1 test using 1 worker

[1A[2K[1/1] [chrome] ΓÇ║ src\tests\ai-discovery\conversational.spec.ts:6:7 ΓÇ║ AI Discovery ΓÇô Conversational Discovery ΓÇ║ User gets AI agent recommendations via conversation
[1A[2K  1) [chrome] ΓÇ║ src\tests\ai-discovery\conversational.spec.ts:6:7 ΓÇ║ AI Discovery ΓÇô Conversational Discovery ΓÇ║ User gets AI agent recommendations via conversation 

    Error: [2mexpect([22m[31mlocator[39m[2m).[22mtoContainText[2m([22m[32mexpected[39m[2m)[22m failed

    Locator: locator('.space-y-4 .justify-start')
    Expected pattern: [32m/resume|screening/i[39m
    Received string:  [31m"AI Discovery AssistantGreat! To help you find the best template, could you tell me if your goal is mainly to automate the process of filtering and shortlisting candidates, or do you also want the agent to help with interview scheduling, candidate communication, or generating reports?"[39m
    Timeout: 10000ms

    Call log:
    [2m  - Expect "toContainText" with timeout 10000ms[22m
    [2m  - waiting for locator('.space-y-4 .justify-start')[22m
    [2m    - locator resolved to <div class="flex justify-start">ΓÇª</div>[22m
    [2m    - unexpected value "AI Discovery AssistantThinking"[22m
    [2m    6 ├ù locator resolved to <div class="flex justify-start">ΓÇª</div>[22m
    [2m      - unexpected value "AI Discovery AssistantGreat! To help you find the best template, could you tell me if your goal is mainly to automate the process of filtering and shortlisting candidates, or do you also want the agent to help with interview scheduling, candidate communication, or generating reports?"[22m


      27 |     // await chat.waitForAIResponse();
      28 |     // expect: AI should respond followup questions and buttons
    > 29 |     await expect(chat.aiResponse()).toContainText(/resume|screening/i);
         |                                     ^
      30 |     await expect(chat.quickReplyChoiceButtons().first()).toBeVisible();
      31 |
      32 |     // Step 4: Select any quick reply button
        at C:\Vishrant\attri-ai-automation\src\tests\ai-discovery\conversational.spec.ts:29:37

    attachment #1: screenshot (image/png) ΓöÇΓöÇΓöÇΓöÇΓöÇΓöÇΓöÇΓöÇΓöÇΓöÇΓöÇΓöÇΓöÇΓöÇΓöÇΓöÇΓöÇΓöÇΓöÇΓöÇΓöÇΓöÇΓöÇΓöÇΓöÇΓöÇΓöÇΓöÇΓöÇΓöÇΓöÇΓöÇΓöÇΓöÇΓöÇΓöÇΓöÇΓöÇΓöÇΓöÇΓöÇΓöÇΓöÇΓöÇΓöÇΓöÇΓöÇΓöÇΓöÇΓöÇΓöÇΓöÇΓöÇΓöÇΓöÇΓöÇΓöÇΓöÇ
    test-results\ai-discovery-conversationa-a844d-mendations-via-conversation-chrome\test-failed-1.png
    ΓöÇΓöÇΓöÇΓöÇΓöÇΓöÇΓöÇΓöÇΓöÇΓöÇΓöÇΓöÇΓöÇΓöÇΓöÇΓöÇΓöÇΓöÇΓöÇΓöÇΓöÇΓöÇΓöÇΓöÇΓöÇΓöÇΓöÇΓöÇΓöÇΓöÇΓöÇΓöÇΓöÇΓöÇΓöÇΓöÇΓöÇΓöÇΓöÇΓöÇΓöÇΓöÇΓöÇΓöÇΓöÇΓöÇΓöÇΓöÇΓöÇΓöÇΓöÇΓöÇΓöÇΓöÇΓöÇΓöÇΓöÇΓöÇΓöÇΓöÇΓöÇΓöÇΓöÇΓöÇΓöÇΓöÇΓöÇΓöÇΓöÇΓöÇΓöÇΓöÇΓöÇΓöÇΓöÇΓöÇΓöÇΓöÇΓöÇΓöÇΓöÇΓöÇΓöÇΓöÇΓöÇΓöÇΓöÇΓöÇΓöÇΓöÇΓöÇΓöÇΓöÇΓöÇΓöÇΓöÇ

    attachment #2: video (video/webm) ΓöÇΓöÇΓöÇΓöÇΓöÇΓöÇΓöÇΓöÇΓöÇΓöÇΓöÇΓöÇΓöÇΓöÇΓöÇΓöÇΓöÇΓöÇΓöÇΓöÇΓöÇΓöÇΓöÇΓöÇΓöÇΓöÇΓöÇΓöÇΓöÇΓöÇΓöÇΓöÇΓöÇΓöÇΓöÇΓöÇΓöÇΓöÇΓöÇΓöÇΓöÇΓöÇΓöÇΓöÇΓöÇΓöÇΓöÇΓöÇΓöÇΓöÇΓöÇΓöÇΓöÇΓöÇΓöÇΓöÇΓöÇΓöÇΓöÇΓöÇΓöÇΓöÇ
    test-results\ai-discovery-conversationa-a844d-mendations-via-conversation-chrome\video.webm
    ΓöÇΓöÇΓöÇΓöÇΓöÇΓöÇΓöÇΓöÇΓöÇΓöÇΓöÇΓöÇΓöÇΓöÇΓöÇΓöÇΓöÇΓöÇΓöÇΓöÇΓöÇΓöÇΓöÇΓöÇΓöÇΓöÇΓöÇΓöÇΓöÇΓöÇΓöÇΓöÇΓöÇΓöÇΓöÇΓöÇΓöÇΓöÇΓöÇΓöÇΓöÇΓöÇΓöÇΓöÇΓöÇΓöÇΓöÇΓöÇΓöÇΓöÇΓöÇΓöÇΓöÇΓöÇΓöÇΓöÇΓöÇΓöÇΓöÇΓöÇΓöÇΓöÇΓöÇΓöÇΓöÇΓöÇΓöÇΓöÇΓöÇΓöÇΓöÇΓöÇΓöÇΓöÇΓöÇΓöÇΓöÇΓöÇΓöÇΓöÇΓöÇΓöÇΓöÇΓöÇΓöÇΓöÇΓöÇΓöÇΓöÇΓöÇΓöÇΓöÇΓöÇΓöÇΓöÇΓöÇ

    Error Context: test-results\ai-discovery-conversationa-a844d-mendations-via-conversation-chrome\error-context.md


[1A[2K  1 failed
    [chrome] ΓÇ║ src\tests\ai-discovery\conversational.spec.ts:6:7 ΓÇ║ AI Discovery ΓÇô Conversational Discovery ΓÇ║ User gets AI agent recommendations via conversation 

To open last HTML report run:
[36m[39m
[36m  npx playwright show-report[39m
[36m[39m
